// Jest Snapshot v1, https://goo.gl/fbAQLP

exports[`should render one show component 1`] = `
<h4>
  What We Do in the Shadows
</h4>
`;
