// Jest Snapshot v1, https://goo.gl/fbAQLP

exports[`should render showList 1`] = `
<h4>
  Scorpion
</h4>
`;
