// Jest Snapshot v1, https://goo.gl/fbAQLP

exports[`renders compendium 1`] = `
<p>
  its a compendium!
</p>
`;
